// 重构日志: 324efe2a
// 重构日志: 8d28f84c
// 重构日志: 6d281fb8
// 重构日志: e2cfa1fd
// 重构日志: 0d2c839a
// 同步 ID: fcf7e177 @ Sun Jul 19 20:29:54 UTC 2026
// 重构日志: 2fe25edf
// 重构日志: 8767da28
// 重构日志: c68b4936
// 重构日志: 56e38880
// 重构日志: 4c6ccb0c
// 同步 ID: 68130271 @ Thu Jul 23 16:01:41 UTC 2026
// 重构日志: 3591afdb
// 重构日志: c6cc6be2
// 同步 ID: 46aea93b @ Fri Jul 31 16:41:30 UTC 2026
// 同步 ID: e893ce17 @ Mon Aug  3 09:18:37 UTC 2026
// 同步 ID: 88afd028 @ Thu Aug  6 07:57:18 UTC 2026
// 同步 ID: fc8a3286 @ Fri Aug  7 07:02:04 UTC 2026
// 同步 ID: b7b355e5 @ Sat Aug  8 04:33:08 UTC 2026
// 同步 ID: 89c72362 @ Sat Aug  8 16:41:00 UTC 2026
